Build started 12/6/2019 8:25:58 AM.
     1>Project "M:\PARAM\Source Code\MOPAC and PARAM source code\MOPAC_CUDA_files\MOPAC_CUDA_files_vs2010.vcxproj" on node 2 (Rebuild target(s)).
     1>CudaClean:
         cmd.exe /C "C:\Users\James\AppData\Local\Temp\tmp4d55c19c24b5479da65f6c8914dd7166.cmd"
         "C:\Program Files\NVIDIA GPU Computing Toolkit\CUDA\v5.5\bin\nvcc.exe" -ccbin "C:\Program Files (x86)\Microsoft Visual Studio 10.0\VC\bin\x86_amd64"  -I"C:\Program Files\NVIDIA GPU Computing Toolkit\CUDA\v5.5\include" -I"C:\Program Files\NVIDIA GPU Computing Toolkit\CUDA\v5.5\include"     --keep-dir x64\Release -maxrregcount=0  --machine 64 --compile     -use_fast_math -DFERMI -DWIN32 -DNDEBUG -D_CONSOLE -D_MBCS -Xcompiler "/EHsc /W3 /nologo /Ox /Zi  /MD  " -o ..\x64\cublas_drivers.cu.obj "M:\PARAM\Source Code\MOPAC and PARAM source code\MOPAC_CUDA_files\cublas_drivers.cu" -clean
         
         M:\PARAM\Source Code\MOPAC and PARAM source code\MOPAC_CUDA_files>"C:\Program Files\NVIDIA GPU Computing Toolkit\CUDA\v5.5\bin\nvcc.exe" -ccbin "C:\Program Files (x86)\Microsoft Visual Studio 10.0\VC\bin\x86_amd64"  -I"C:\Program Files\NVIDIA GPU Computing Toolkit\CUDA\v5.5\include" -I"C:\Program Files\NVIDIA GPU Computing Toolkit\CUDA\v5.5\include"     --keep-dir x64\Release -maxrregcount=0  --machine 64 --compile     -use_fast_math -DFERMI -DWIN32 -DNDEBUG -D_CONSOLE -D_MBCS -Xcompiler "/EHsc /W3 /nologo /Ox /Zi  /MD  " -o ..\x64\cublas_drivers.cu.obj "M:\PARAM\Source Code\MOPAC and PARAM source code\MOPAC_CUDA_files\cublas_drivers.cu" -clean 
       CudaClean:
         cmd.exe /C "C:\Users\James\AppData\Local\Temp\tmp983e12c73d3349b5a83e558870e830d5.cmd"
         "C:\Program Files\NVIDIA GPU Computing Toolkit\CUDA\v5.5\bin\nvcc.exe" -ccbin "C:\Program Files (x86)\Microsoft Visual Studio 10.0\VC\bin\x86_amd64"  -I"C:\Program Files\NVIDIA GPU Computing Toolkit\CUDA\v5.5\include" -I"C:\Program Files\NVIDIA GPU Computing Toolkit\CUDA\v5.5\include"     --keep-dir x64\Release -maxrregcount=0  --machine 64 --compile     -use_fast_math -DFERMI -DWIN32 -DNDEBUG -D_CONSOLE -D_MBCS -Xcompiler "/EHsc /W3 /nologo /Ox /Zi  /MD  " -o ..\x64\diag_density_cuda.cu.obj "M:\PARAM\Source Code\MOPAC and PARAM source code\MOPAC_CUDA_files\diag_density_cuda.cu" -clean
         
         M:\PARAM\Source Code\MOPAC and PARAM source code\MOPAC_CUDA_files>"C:\Program Files\NVIDIA GPU Computing Toolkit\CUDA\v5.5\bin\nvcc.exe" -ccbin "C:\Program Files (x86)\Microsoft Visual Studio 10.0\VC\bin\x86_amd64"  -I"C:\Program Files\NVIDIA GPU Computing Toolkit\CUDA\v5.5\include" -I"C:\Program Files\NVIDIA GPU Computing Toolkit\CUDA\v5.5\include"     --keep-dir x64\Release -maxrregcount=0  --machine 64 --compile     -use_fast_math -DFERMI -DWIN32 -DNDEBUG -D_CONSOLE -D_MBCS -Xcompiler "/EHsc /W3 /nologo /Ox /Zi  /MD  " -o ..\x64\diag_density_cuda.cu.obj "M:\PARAM\Source Code\MOPAC and PARAM source code\MOPAC_CUDA_files\diag_density_cuda.cu" -clean 
       CudaClean:
         cmd.exe /C "C:\Users\James\AppData\Local\Temp\tmp03dd14c8ad0e4f7686bd9be21ff3901f.cmd"
         "C:\Program Files\NVIDIA GPU Computing Toolkit\CUDA\v5.5\bin\nvcc.exe" -ccbin "C:\Program Files (x86)\Microsoft Visual Studio 10.0\VC\bin\x86_amd64"  -I"C:\Program Files\NVIDIA GPU Computing Toolkit\CUDA\v5.5\include" -I"C:\Program Files\NVIDIA GPU Computing Toolkit\CUDA\v5.5\include"     --keep-dir x64\Release -maxrregcount=0  --machine 64 --compile     -use_fast_math -DFERMI -DWIN32 -DNDEBUG -D_CONSOLE -D_MBCS -Xcompiler "/EHsc /W3 /nologo /Ox /Zi  /MD  " -o ..\x64\gpu_info.cu.obj "M:\PARAM\Source Code\MOPAC and PARAM source code\MOPAC_CUDA_files\gpu_info.cu" -clean
         
         M:\PARAM\Source Code\MOPAC and PARAM source code\MOPAC_CUDA_files>"C:\Program Files\NVIDIA GPU Computing Toolkit\CUDA\v5.5\bin\nvcc.exe" -ccbin "C:\Program Files (x86)\Microsoft Visual Studio 10.0\VC\bin\x86_amd64"  -I"C:\Program Files\NVIDIA GPU Computing Toolkit\CUDA\v5.5\include" -I"C:\Program Files\NVIDIA GPU Computing Toolkit\CUDA\v5.5\include"     --keep-dir x64\Release -maxrregcount=0  --machine 64 --compile     -use_fast_math -DFERMI -DWIN32 -DNDEBUG -D_CONSOLE -D_MBCS -Xcompiler "/EHsc /W3 /nologo /Ox /Zi  /MD  " -o ..\x64\gpu_info.cu.obj "M:\PARAM\Source Code\MOPAC and PARAM source code\MOPAC_CUDA_files\gpu_info.cu" -clean 
       CudaClean:
         cmd.exe /C "C:\Users\James\AppData\Local\Temp\tmpabe93d711e1f49d49710d754f8d4e85b.cmd"
         "C:\Program Files\NVIDIA GPU Computing Toolkit\CUDA\v5.5\bin\nvcc.exe" -ccbin "C:\Program Files (x86)\Microsoft Visual Studio 10.0\VC\bin\x86_amd64"  -I"C:\Program Files\NVIDIA GPU Computing Toolkit\CUDA\v5.5\include" -I"C:\Program Files\NVIDIA GPU Computing Toolkit\CUDA\v5.5\include"     --keep-dir x64\Release -maxrregcount=0  --machine 64 --compile     -use_fast_math -DFERMI -DWIN32 -DNDEBUG -D_CONSOLE -D_MBCS -Xcompiler "/EHsc /W3 /nologo /Ox /Zi  /MD  " -o ..\x64\mamult_cuda.cu.obj "M:\PARAM\Source Code\MOPAC and PARAM source code\MOPAC_CUDA_files\mamult_cuda.cu" -clean
         
         M:\PARAM\Source Code\MOPAC and PARAM source code\MOPAC_CUDA_files>"C:\Program Files\NVIDIA GPU Computing Toolkit\CUDA\v5.5\bin\nvcc.exe" -ccbin "C:\Program Files (x86)\Microsoft Visual Studio 10.0\VC\bin\x86_amd64"  -I"C:\Program Files\NVIDIA GPU Computing Toolkit\CUDA\v5.5\include" -I"C:\Program Files\NVIDIA GPU Computing Toolkit\CUDA\v5.5\include"     --keep-dir x64\Release -maxrregcount=0  --machine 64 --compile     -use_fast_math -DFERMI -DWIN32 -DNDEBUG -D_CONSOLE -D_MBCS -Xcompiler "/EHsc /W3 /nologo /Ox /Zi  /MD  " -o ..\x64\mamult_cuda.cu.obj "M:\PARAM\Source Code\MOPAC and PARAM source code\MOPAC_CUDA_files\mamult_cuda.cu" -clean 
       AddCudaCompileDeps:
         C:\Program Files (x86)\Microsoft Visual Studio 10.0\VC\bin\x86_amd64\cl.exe /E /nologo /showIncludes /TP /D__CUDACC__ /DFERMI /DWIN32 /DNDEBUG /D_CONSOLE /D_MBCS /I"C:\Program Files\NVIDIA GPU Computing Toolkit\CUDA\v5.5\include" /I"C:\Program Files\NVIDIA GPU Computing Toolkit\CUDA\v5.5\bin" /I"C:\Program Files\NVIDIA GPU Computing Toolkit\CUDA\v5.5\include" /I. /FIcuda_runtime.h /c "M:\PARAM\Source Code\MOPAC and PARAM source code\MOPAC_CUDA_files\cublas_drivers.cu" 
       AddCudaCompileDeps:
         C:\Program Files (x86)\Microsoft Visual Studio 10.0\VC\bin\x86_amd64\cl.exe /E /nologo /showIncludes /TP /D__CUDACC__ /DFERMI /DWIN32 /DNDEBUG /D_CONSOLE /D_MBCS /I"C:\Program Files\NVIDIA GPU Computing Toolkit\CUDA\v5.5\include" /I"C:\Program Files\NVIDIA GPU Computing Toolkit\CUDA\v5.5\bin" /I"C:\Program Files\NVIDIA GPU Computing Toolkit\CUDA\v5.5\include" /I. /FIcuda_runtime.h /c "M:\PARAM\Source Code\MOPAC and PARAM source code\MOPAC_CUDA_files\diag_density_cuda.cu" 
       AddCudaCompileDeps:
         C:\Program Files (x86)\Microsoft Visual Studio 10.0\VC\bin\x86_amd64\cl.exe /E /nologo /showIncludes /TP /D__CUDACC__ /DFERMI /DWIN32 /DNDEBUG /D_CONSOLE /D_MBCS /I"C:\Program Files\NVIDIA GPU Computing Toolkit\CUDA\v5.5\include" /I"C:\Program Files\NVIDIA GPU Computing Toolkit\CUDA\v5.5\bin" /I"C:\Program Files\NVIDIA GPU Computing Toolkit\CUDA\v5.5\include" /I. /FIcuda_runtime.h /c "M:\PARAM\Source Code\MOPAC and PARAM source code\MOPAC_CUDA_files\gpu_info.cu" 
       AddCudaCompileDeps:
         C:\Program Files (x86)\Microsoft Visual Studio 10.0\VC\bin\x86_amd64\cl.exe /E /nologo /showIncludes /TP /D__CUDACC__ /DFERMI /DWIN32 /DNDEBUG /D_CONSOLE /D_MBCS /I"C:\Program Files\NVIDIA GPU Computing Toolkit\CUDA\v5.5\include" /I"C:\Program Files\NVIDIA GPU Computing Toolkit\CUDA\v5.5\bin" /I"C:\Program Files\NVIDIA GPU Computing Toolkit\CUDA\v5.5\include" /I. /FIcuda_runtime.h /c "M:\PARAM\Source Code\MOPAC and PARAM source code\MOPAC_CUDA_files\mamult_cuda.cu" 
       CudaBuild:
         Compiling CUDA source file cublas_drivers.cu...
         cmd.exe /C "C:\Users\James\AppData\Local\Temp\tmp5a9e3fce092a44cb8aa2be132fa24c68.cmd"
         "C:\Program Files\NVIDIA GPU Computing Toolkit\CUDA\v5.5\bin\nvcc.exe" -gencode=arch=compute_20,code=\"sm_20,compute_20\" --use-local-env --cl-version 2010 -ccbin "C:\Program Files (x86)\Microsoft Visual Studio 10.0\VC\bin\x86_amd64"  -I"C:\Program Files\NVIDIA GPU Computing Toolkit\CUDA\v5.5\include" -I"C:\Program Files\NVIDIA GPU Computing Toolkit\CUDA\v5.5\include"     --keep-dir x64\Release -maxrregcount=0  --machine 64 --compile -cudart static    -use_fast_math -DFERMI -DWIN32 -DNDEBUG -D_CONSOLE -D_MBCS -Xcompiler "/EHsc /W3 /nologo /Ox /Zi  /MD  " -o ..\x64\cublas_drivers.cu.obj "M:\PARAM\Source Code\MOPAC and PARAM source code\MOPAC_CUDA_files\cublas_drivers.cu"
         
         M:\PARAM\Source Code\MOPAC and PARAM source code\MOPAC_CUDA_files>"C:\Program Files\NVIDIA GPU Computing Toolkit\CUDA\v5.5\bin\nvcc.exe" -gencode=arch=compute_20,code=\"sm_20,compute_20\" --use-local-env --cl-version 2010 -ccbin "C:\Program Files (x86)\Microsoft Visual Studio 10.0\VC\bin\x86_amd64"  -I"C:\Program Files\NVIDIA GPU Computing Toolkit\CUDA\v5.5\include" -I"C:\Program Files\NVIDIA GPU Computing Toolkit\CUDA\v5.5\include"     --keep-dir x64\Release -maxrregcount=0  --machine 64 --compile -cudart static    -use_fast_math -DFERMI -DWIN32 -DNDEBUG -D_CONSOLE -D_MBCS -Xcompiler "/EHsc /W3 /nologo /Ox /Zi  /MD  " -o ..\x64\cublas_drivers.cu.obj "M:\PARAM\Source Code\MOPAC and PARAM source code\MOPAC_CUDA_files\cublas_drivers.cu" 
       CudaBuild:
         Compiling CUDA source file diag_density_cuda.cu...
         cmd.exe /C "C:\Users\James\AppData\Local\Temp\tmpafed753122e84c40b77e7039b971f117.cmd"
         "C:\Program Files\NVIDIA GPU Computing Toolkit\CUDA\v5.5\bin\nvcc.exe" -gencode=arch=compute_20,code=\"sm_20,compute_20\" --use-local-env --cl-version 2010 -ccbin "C:\Program Files (x86)\Microsoft Visual Studio 10.0\VC\bin\x86_amd64"  -I"C:\Program Files\NVIDIA GPU Computing Toolkit\CUDA\v5.5\include" -I"C:\Program Files\NVIDIA GPU Computing Toolkit\CUDA\v5.5\include"     --keep-dir x64\Release -maxrregcount=0  --machine 64 --compile -cudart static    -use_fast_math -DFERMI -DWIN32 -DNDEBUG -D_CONSOLE -D_MBCS -Xcompiler "/EHsc /W3 /nologo /Ox /Zi  /MD  " -o ..\x64\diag_density_cuda.cu.obj "M:\PARAM\Source Code\MOPAC and PARAM source code\MOPAC_CUDA_files\diag_density_cuda.cu"
         
         M:\PARAM\Source Code\MOPAC and PARAM source code\MOPAC_CUDA_files>"C:\Program Files\NVIDIA GPU Computing Toolkit\CUDA\v5.5\bin\nvcc.exe" -gencode=arch=compute_20,code=\"sm_20,compute_20\" --use-local-env --cl-version 2010 -ccbin "C:\Program Files (x86)\Microsoft Visual Studio 10.0\VC\bin\x86_amd64"  -I"C:\Program Files\NVIDIA GPU Computing Toolkit\CUDA\v5.5\include" -I"C:\Program Files\NVIDIA GPU Computing Toolkit\CUDA\v5.5\include"     --keep-dir x64\Release -maxrregcount=0  --machine 64 --compile -cudart static    -use_fast_math -DFERMI -DWIN32 -DNDEBUG -D_CONSOLE -D_MBCS -Xcompiler "/EHsc /W3 /nologo /Ox /Zi  /MD  " -o ..\x64\diag_density_cuda.cu.obj "M:\PARAM\Source Code\MOPAC and PARAM source code\MOPAC_CUDA_files\diag_density_cuda.cu" 
     1>M:/PARAM/Source Code/MOPAC and PARAM source code/MOPAC_CUDA_files/diag_density_cuda.cu(19): warning : variable "init" was declared but never referenced
     1>M:/PARAM/Source Code/MOPAC and PARAM source code/MOPAC_CUDA_files/diag_density_cuda.cu(19): warning : variable "init" was declared but never referenced
       CudaBuild:
         Compiling CUDA source file gpu_info.cu...
         cmd.exe /C "C:\Users\James\AppData\Local\Temp\tmp4e9491b9b2cd481cbd5c45e1e166a651.cmd"
         "C:\Program Files\NVIDIA GPU Computing Toolkit\CUDA\v5.5\bin\nvcc.exe" -gencode=arch=compute_20,code=\"sm_20,compute_20\" --use-local-env --cl-version 2010 -ccbin "C:\Program Files (x86)\Microsoft Visual Studio 10.0\VC\bin\x86_amd64"  -I"C:\Program Files\NVIDIA GPU Computing Toolkit\CUDA\v5.5\include" -I"C:\Program Files\NVIDIA GPU Computing Toolkit\CUDA\v5.5\include"     --keep-dir x64\Release -maxrregcount=0  --machine 64 --compile -cudart static    -use_fast_math -DFERMI -DWIN32 -DNDEBUG -D_CONSOLE -D_MBCS -Xcompiler "/EHsc /W3 /nologo /Ox /Zi  /MD  " -o ..\x64\gpu_info.cu.obj "M:\PARAM\Source Code\MOPAC and PARAM source code\MOPAC_CUDA_files\gpu_info.cu"
         
         M:\PARAM\Source Code\MOPAC and PARAM source code\MOPAC_CUDA_files>"C:\Program Files\NVIDIA GPU Computing Toolkit\CUDA\v5.5\bin\nvcc.exe" -gencode=arch=compute_20,code=\"sm_20,compute_20\" --use-local-env --cl-version 2010 -ccbin "C:\Program Files (x86)\Microsoft Visual Studio 10.0\VC\bin\x86_amd64"  -I"C:\Program Files\NVIDIA GPU Computing Toolkit\CUDA\v5.5\include" -I"C:\Program Files\NVIDIA GPU Computing Toolkit\CUDA\v5.5\include"     --keep-dir x64\Release -maxrregcount=0  --machine 64 --compile -cudart static    -use_fast_math -DFERMI -DWIN32 -DNDEBUG -D_CONSOLE -D_MBCS -Xcompiler "/EHsc /W3 /nologo /Ox /Zi  /MD  " -o ..\x64\gpu_info.cu.obj "M:\PARAM\Source Code\MOPAC and PARAM source code\MOPAC_CUDA_files\gpu_info.cu" 
       CudaBuild:
         Compiling CUDA source file mamult_cuda.cu...
         cmd.exe /C "C:\Users\James\AppData\Local\Temp\tmp7fa6345da67b4ed39754ab29d6f336e0.cmd"
         "C:\Program Files\NVIDIA GPU Computing Toolkit\CUDA\v5.5\bin\nvcc.exe" -gencode=arch=compute_20,code=\"sm_20,compute_20\" --use-local-env --cl-version 2010 -ccbin "C:\Program Files (x86)\Microsoft Visual Studio 10.0\VC\bin\x86_amd64"  -I"C:\Program Files\NVIDIA GPU Computing Toolkit\CUDA\v5.5\include" -I"C:\Program Files\NVIDIA GPU Computing Toolkit\CUDA\v5.5\include"     --keep-dir x64\Release -maxrregcount=0  --machine 64 --compile -cudart static    -use_fast_math -DFERMI -DWIN32 -DNDEBUG -D_CONSOLE -D_MBCS -Xcompiler "/EHsc /W3 /nologo /Ox /Zi  /MD  " -o ..\x64\mamult_cuda.cu.obj "M:\PARAM\Source Code\MOPAC and PARAM source code\MOPAC_CUDA_files\mamult_cuda.cu"
         
         M:\PARAM\Source Code\MOPAC and PARAM source code\MOPAC_CUDA_files>"C:\Program Files\NVIDIA GPU Computing Toolkit\CUDA\v5.5\bin\nvcc.exe" -gencode=arch=compute_20,code=\"sm_20,compute_20\" --use-local-env --cl-version 2010 -ccbin "C:\Program Files (x86)\Microsoft Visual Studio 10.0\VC\bin\x86_amd64"  -I"C:\Program Files\NVIDIA GPU Computing Toolkit\CUDA\v5.5\include" -I"C:\Program Files\NVIDIA GPU Computing Toolkit\CUDA\v5.5\include"     --keep-dir x64\Release -maxrregcount=0  --machine 64 --compile -cudart static    -use_fast_math -DFERMI -DWIN32 -DNDEBUG -D_CONSOLE -D_MBCS -Xcompiler "/EHsc /W3 /nologo /Ox /Zi  /MD  " -o ..\x64\mamult_cuda.cu.obj "M:\PARAM\Source Code\MOPAC and PARAM source code\MOPAC_CUDA_files\mamult_cuda.cu" 
       Lib:
         C:\Program Files (x86)\Microsoft Visual Studio 10.0\VC\bin\x86_amd64\Lib.exe /OUT:"..\x64\MOPAC_CUDA_files.lib" /NOLOGO /LTCG ..\x64\cublas_drivers.cu.obj
         ..\x64\diag_density_cuda.cu.obj
         ..\x64\gpu_info.cu.obj
         ..\x64\mamult_cuda.cu.obj
         MOPAC_CUDA_files_vs2010.vcxproj -> M:\PARAM\Source Code\MOPAC and PARAM source code\MOPAC_CUDA_files\..\x64\MOPAC_CUDA_files.lib
       PostBuildEvent:
         echo copy "C:\Program Files\NVIDIA GPU Computing Toolkit\CUDA\v5.5\bin\cudart*.dll" "..\x64\"
         copy "C:\Program Files\NVIDIA GPU Computing Toolkit\CUDA\v5.5\bin\cudart*.dll" "..\x64\"
         :VCEnd
         copy "C:\Program Files\NVIDIA GPU Computing Toolkit\CUDA\v5.5\bin\cudart*.dll" "..\x64\"
         C:\Program Files\NVIDIA GPU Computing Toolkit\CUDA\v5.5\bin\cudart32_55.dll
         C:\Program Files\NVIDIA GPU Computing Toolkit\CUDA\v5.5\bin\cudart64_55.dll
                 2 file(s) copied.
     1>Done Building Project "M:\PARAM\Source Code\MOPAC and PARAM source code\MOPAC_CUDA_files\MOPAC_CUDA_files_vs2010.vcxproj" (Rebuild target(s)).

Build succeeded.

Time Elapsed 00:00:29.82
